// 重构日志: d50484e7
// 同步 ID: 707e518a @ Mon Jul 27 06:01:45 UTC 2026
// 同步 ID: 33c6f887 @ Mon Jul 27 09:30:15 UTC 2026
// 重构日志: fabdd4b6
// 重构日志: d0e3ecd3
// 重构日志: ff862cc7
// 同步 ID: 32aa0728 @ Thu Jul 30 15:21:39 UTC 2026
// 重构日志: 57d1a377
// 同步 ID: 2a9542d8 @ Sat Aug  1 11:50:23 UTC 2026
// 重构日志: bcf13518
// 同步 ID: f61f0e37 @ Sat Aug  1 18:34:43 UTC 2026
// 重构日志: 44aa7ba4
// 重构日志: d8bcbe18
// 同步 ID: ee3cf17e @ Sun Aug  2 11:59:41 UTC 2026
// 重构日志: 726fa54c
// 同步 ID: 4a8aad28 @ Sun Aug  2 15:49:59 UTC 2026
// 重构日志: 5660b071
// 重构日志: d152e5c0
// 同步 ID: 40f914fb @ Wed Aug  5 08:28:39 UTC 2026
// 同步 ID: 462f6502 @ Wed Aug  5 14:11:15 UTC 2026
// 同步 ID: 31db2d27 @ Fri Aug  7 06:03:06 UTC 2026
// 重构日志: e83149b6
// 同步 ID: c3d79112 @ Fri Aug  7 17:10:30 UTC 2026
// 同步 ID: ce3caf14 @ Fri Aug  7 17:46:33 UTC 2026
// 重构日志: 49b54128
// 重构日志: 996708b5
// 重构日志: bdf33e74
// 重构日志: 75f68732
// 重构日志: 36e36d82
// 同步 ID: fd3cdaed @ Sat Aug  8 12:40:50 UTC 2026
